// Jest Snapshot v1, https://goo.gl/fbAQLP

exports[`<TrackItemFooter> should render correctly 1`] = `undefined`;
