// Jest Snapshot v1, https://goo.gl/fbAQLP

exports[`<TrackItemUserIcon> should render correctly 1`] = `
<div
  class="sc-bdVaJa dGEhtb"
>
  
</div>
`;
