// Jest Snapshot v1, https://goo.gl/fbAQLP

exports[`<TrackItemPriorityOverlay> should render correctly 1`] = `
<div
  class="track-priority-overlay sc-bdVaJa bmYYPN"
>
  <div
    class="priority-icon-container"
  >
    <i
      class="priority-icon fa fa-share"
    >
      
    </i>
  </div>
  <div
    class="bottom-border"
  >
    
  </div>
</div>
`;
