// Jest Snapshot v1, https://goo.gl/fbAQLP

exports[`<TrackItemCover> should render correctly 1`] = `
<div
  class="sc-bdVaJa jYXbEs"
>
  
</div>
`;
