// Jest Snapshot v1, https://goo.gl/fbAQLP

exports[`<Root> should render correctly 1`] = `
<IntlProvider
  locale="fr"
  messages={Object {}}
>
  <styled.div>
    <div>
      <span>
        test
      </span>
    </div>
  </styled.div>
</IntlProvider>
`;
